%!Adobe-FontList 1.23
%Locale:0x416

%BeginFont
Handler:DirectoryHandler
FontType:Type1
FontName:AvenirLT-Black
FamilyName:Avenir LT 95 Black
StyleName:Regular
FullName:Avenir LT 95 Black
MenuName:Avenir LT 95 Black
StyleBits:0
WritingScript:Roman
OutlineFileName:C:\Users\Bem-vindo(a)\Desktop\LP Koleston\Pasta Landing Page - Desktop\Document fonts\AvenirLT-Black.otf
DataFormat:sfntData
UsesStandardEncoding:yes
isCFF:yes
hasSVG:no
VariableFontType:NonVariableFont
FileLength:26808
FileModTime:1241712400
WeightClass:900
WidthClass:5
AngleClass:0
NameArray:0,Mac,4,Avenir LT 95 Black
NameArray:0,Win,1,Avenir LT 95 Black
%EndFont

%BeginFont
Handler:DirectoryHandler
FontType:Type1
FontName:AvenirLT-Roman
FamilyName:Avenir LT 55
StyleName:Regular
FullName:Avenir LT 55 Roman
MenuName:Avenir LT 55
StyleBits:0
WritingScript:Roman
OutlineFileName:C:\Users\Bem-vindo(a)\Desktop\LP Koleston\Pasta Landing Page - Desktop\Document fonts\AvenirLT-Roman.otf
DataFormat:sfntData
UsesStandardEncoding:yes
isCFF:yes
hasSVG:no
VariableFontType:NonVariableFont
FileLength:26104
FileModTime:1241712430
WeightClass:500
WidthClass:5
AngleClass:0
NameArray:0,Mac,4,Avenir LT 55 Roman
NameArray:0,Win,1,Avenir LT 55
%EndFont

%BeginFont
Handler:DirectoryHandler
FontType:TrueType
FontName:AvenirNext-Bold
FamilyName:Avenir Next
StyleName:Bold
FullName:Avenir Next Bold
MenuName:Avenir Next
StyleBits:2
WritingScript:Roman
OutlineFileName:C:\Users\Bem-vindo(a)\Desktop\LP Koleston\Pasta Landing Page - Desktop\Document fonts\AvenirNext-Bold.ttf
DataFormat:sfntData
hasSVG:no
VariableFontType:NonVariableFont
FileLength:464152
FileModTime:1613153820
WeightClass:700
WidthClass:5
AngleClass:0
NameArray:0,Mac,18,Avenir Next Bold
NameArray:0,Mac,4,Avenir Next Bold
NameArray:0,Win,1,Avenir Next
NameArray:0,Win,16,Avenir Next
%EndFont

%BeginFont
Handler:DirectoryHandler
FontType:Type1
FontName:BauerBodoniPro-Bold
FamilyName:Bauer Bodoni Pro 1
StyleName:Bold
FullName:Bauer Bodoni Pro 1 Bold
MenuName:Bauer Bodoni Pro
StyleBits:2
WritingScript:Roman
OutlineFileName:C:\Users\Bem-vindo(a)\Desktop\LP Koleston\Pasta Landing Page - Desktop\Document fonts\BauerBodoniPro-Bold.otf
DataFormat:sfntData
UsesStandardEncoding:yes
isCFF:yes
hasSVG:no
VariableFontType:NonVariableFont
FileLength:84792
FileModTime:1656605654
WeightClass:700
WidthClass:5
AngleClass:0
NameArray:0,Mac,18,Bauer Bodoni Pro Bold
NameArray:0,Mac,4,Bauer Bodoni Pro 1 Bold
NameArray:0,Win,1,Bauer Bodoni Pro
NameArray:0,Win,16,Bauer Bodoni Pro 1
%EndFont

%BeginFont
Handler:DirectoryHandler
FontType:TrueType
FontName:Gotham-Medium
FamilyName:Gotham
StyleName:Medium
FullName:Gotham Medium
MenuName:Gotham Medium
StyleBits:0
WritingScript:Roman
OutlineFileName:C:\Users\Bem-vindo(a)\Desktop\LP Koleston\Pasta Landing Page - Desktop\Document fonts\Gotham-Medium.ttf
DataFormat:sfntData
hasSVG:no
VariableFontType:NonVariableFont
FileLength:189188
FileModTime:1306302924
WeightClass:350
WidthClass:5
AngleClass:0
NameArray:0,Mac,4,Gotham Medium
NameArray:0,Win,1,Gotham Medium
NameArray:0,Win,16,Gotham
%EndFont

